// Jest Snapshot v1, https://goo.gl/fbAQLP

exports[`Cities renders correctly 1`] = `
Array [
  <li
    className="locations__item"
    onClick={[Function]}
  >
    <a
      className="locations__item-link tabs__item tabs__item--active"
      href="#"
    >
      <span>
        Berlin
      </span>
    </a>
  </li>,
  <li
    className="locations__item"
    onClick={[Function]}
  >
    <a
      className="locations__item-link tabs__item"
      href="#"
    >
      <span>
        Dusseldorf
      </span>
    </a>
  </li>,
]
`;
